Using pre-set license
Built from '6000.0/release' branch; Version is '6000.0.46f1 (fb93bc360d3a) revision 16487356'; Using compiler version '193933523'; Build Type 'Release'
OS: 'Windows 11  (10.0.26100) 64bit Core' Language: 'en' Physical Memory: 32620 MB
BatchMode: 1, IsHumanControllingUs: 0, StartBugReporterOnCrash: 0, Is64bit: 1, IsPro: 1

COMMAND LINE ARGUMENTS:
C:\Program Files\Unity\Hub\Editor\6000.0.46f1\Editor\Unity.exe
-adb2
-batchMode
-noUpm
-name
AssetImportWorker0
-projectPath
D:/Projects/School Portfolio/Circuit-Puzzle/CircuitPuzzleProject
-logFile
Logs/AssetImportWorker0.log
-srvPort
62653
-job-worker-count
9
-background-job-worker-count
8
-gc-helper-count
1
Successfully changed project path to: D:/Projects/School Portfolio/Circuit-Puzzle/CircuitPuzzleProject
D:/Projects/School Portfolio/Circuit-Puzzle/CircuitPuzzleProject
[UnityMemory] Configuration Parameters - Can be set up in boot.config
    "memorysetup-bucket-allocator-granularity=16"
    "memorysetup-bucket-allocator-bucket-count=8"
    "memorysetup-bucket-allocator-block-size=33554432"
    "memorysetup-bucket-allocator-block-count=8"
    "memorysetup-main-allocator-block-size=16777216"
    "memorysetup-thread-allocator-block-size=16777216"
    "memorysetup-gfx-main-allocator-block-size=16777216"
    "memorysetup-gfx-thread-allocator-block-size=16777216"
    "memorysetup-cache-allocator-block-size=4194304"
    "memorysetup-typetree-allocator-block-size=2097152"
    "memorysetup-profiler-bucket-allocator-granularity=16"
    "memorysetup-profiler-bucket-allocator-bucket-count=8"
    "memorysetup-profiler-bucket-allocator-block-size=33554432"
    "memorysetup-profiler-bucket-allocator-block-count=8"
    "memorysetup-profiler-allocator-block-size=16777216"
    "memorysetup-profiler-editor-allocator-block-size=1048576"
    "memorysetup-temp-allocator-size-main=16777216"
    "memorysetup-job-temp-allocator-block-size=2097152"
    "memorysetup-job-temp-allocator-block-size-background=1048576"
    "memorysetup-job-temp-allocator-reduction-small-platforms=262144"
    "memorysetup-allocator-temp-initial-block-size-main=262144"
    "memorysetup-allocator-temp-initial-block-size-worker=262144"
    "memorysetup-temp-allocator-size-background-worker=32768"
    "memorysetup-temp-allocator-size-job-worker=262144"
    "memorysetup-temp-allocator-size-preload-manager=33554432"
    "memorysetup-temp-allocator-size-nav-mesh-worker=65536"
    "memorysetup-temp-allocator-size-audio-worker=65536"
    "memorysetup-temp-allocator-size-cloud-worker=32768"
    "memorysetup-temp-allocator-size-gi-baking-worker=262144"
    "memorysetup-temp-allocator-size-gi-baking-worker=262144"
    "memorysetup-temp-allocator-size-gi-baking-worker=262144"
    "memorysetup-temp-allocator-size-gi-baking-worker=262144"
    "memorysetup-temp-allocator-size-gi-baking-worker=262144"
    "memorysetup-temp-allocator-size-gfx=262144"
Player connection [6936]  Target information:

Player connection [6936]  * "[IP] 192.168.1.168 [Port] 0 [Flags] 2 [Guid] 3209350536 [EditorId] 3209350536 [Version] 1048832 [Id] WindowsEditor(7,Unit01) [Debug] 1 [PackageName] WindowsEditor [ProjectName] Editor" 

Player connection [6936] Host joined multi-casting on [225.0.0.222:54997]...
Player connection [6936] Host joined alternative multi-casting on [225.0.0.222:34997]...
JobSystem: Creating JobQueue using job-worker-count value 9
Input System module state changed to: Initialized.
[Physics::Module] Initialized fallback backend.
[Physics::Module] Id: 0xdecafbad
Library Redirect Path: Library/
[Physics::Module] Selected backend.
[Physics::Module] Name: PhysX
[Physics::Module] Id: 0xf2b8ea05
[Physics::Module] SDK Version: 4.1.2
[Physics::Module] Integration Version: 1.0.0
[Physics::Module] Threading Mode: Multi-Threaded
Refreshing native plugins compatible for Editor in 1.85 ms, found 4 plugins.
Preloading 0 native plugins for Editor in 0.00 ms.
Initialize engine version: 6000.0.46f1 (fb93bc360d3a)
[Subsystems] Discovering subsystems at path C:/Program Files/Unity/Hub/Editor/6000.0.46f1/Editor/Data/Resources/UnitySubsystems
[Subsystems] Discovering subsystems at path D:/Projects/School Portfolio/Circuit-Puzzle/CircuitPuzzleProject/Assets
GfxDevice: creating device client; kGfxThreadingModeNonThreaded
Direct3D:
    Version:  Direct3D 11.0 [level 11.1]
    Renderer: NVIDIA GeForce RTX 3080 (ID=0x2216)
    Vendor:   NVIDIA
    VRAM:     10053 MB
    Driver:   32.0.15.7283
Initialize mono
Mono path[0] = 'C:/Program Files/Unity/Hub/Editor/6000.0.46f1/Editor/Data/Managed'
Mono path[1] = 'C:/Program Files/Unity/Hub/Editor/6000.0.46f1/Editor/Data/MonoBleedingEdge/lib/mono/unityjit-win32'
Mono config path = 'C:/Program Files/Unity/Hub/Editor/6000.0.46f1/Editor/Data/MonoBleedingEdge/etc'
Using monoOptions --debugger-agent=transport=dt_socket,embedding=1,server=y,suspend=n,address=127.0.0.1:56972
Begin MonoManager ReloadAssembly
Registering precompiled unity dll's ...
Register platform support module: C:/Program Files/Unity/Hub/Editor/6000.0.46f1/Editor/Data/PlaybackEngines/WindowsStandaloneSupport/UnityEditor.WindowsStandalone.Extensions.dll
Register platform support module: C:/Program Files/Unity/Hub/Editor/6000.0.46f1/Editor/Data/PlaybackEngines/MetroSupport/UnityEditor.UWP.Extensions.dll
Registered in 0.002482 seconds.
- Loaded All Assemblies, in  0.278 seconds
Native extension for UWP target not found
Native extension for WindowsStandalone target not found
Mono: successfully reloaded assembly
- Finished resetting the current domain, in  0.243 seconds
Domain Reload Profiling: 519ms
	BeginReloadAssembly (96ms)
		ExecutionOrderSort (0ms)
		DisableScriptedObjects (0ms)
		BackupInstance (0ms)
		ReleaseScriptingObjects (0ms)
		CreateAndSetChildDomain (1ms)
	RebuildCommonClasses (27ms)
	RebuildNativeTypeToScriptingClass (8ms)
	initialDomainReloadingComplete (36ms)
	LoadAllAssembliesAndSetupDomain (110ms)
		LoadAssemblies (94ms)
		RebuildTransferFunctionScriptingTraits (0ms)
		AnalyzeDomain (107ms)
			TypeCache.Refresh (106ms)
				TypeCache.ScanAssembly (96ms)
			BuildScriptInfoCaches (0ms)
			ResolveRequiredComponents (0ms)
	FinalizeReload (243ms)
		ReleaseScriptCaches (0ms)
		RebuildScriptCaches (0ms)
		SetupLoadedEditorAssemblies (212ms)
			LogAssemblyErrors (0ms)
			InitializePlatformSupportModulesInManaged (18ms)
			SetLoadedEditorAssemblies (3ms)
			BeforeProcessingInitializeOnLoad (38ms)
			ProcessInitializeOnLoadAttributes (112ms)
			ProcessInitializeOnLoadMethodAttributes (40ms)
			AfterProcessingInitializeOnLoad (0ms)
			EditorAssembliesLoaded (0ms)
		ExecutionOrderSort2 (0ms)
		AwakeInstancesAfterBackupRestoration (0ms)
========================================================================
Worker process is ready to serve import requests
Import Worker Mode flag is 0x00
Begin MonoManager ReloadAssembly
- Loaded All Assemblies, in  0.553 seconds
Refreshing native plugins compatible for Editor in 0.77 ms, found 4 plugins.
Native extension for UWP target not found
Native extension for WindowsStandalone target not found
Mono: successfully reloaded assembly
- Finished resetting the current domain, in  0.463 seconds
Domain Reload Profiling: 1014ms
	BeginReloadAssembly (121ms)
		ExecutionOrderSort (0ms)
		DisableScriptedObjects (4ms)
		BackupInstance (0ms)
		ReleaseScriptingObjects (0ms)
		CreateAndSetChildDomain (22ms)
	RebuildCommonClasses (25ms)
	RebuildNativeTypeToScriptingClass (8ms)
	initialDomainReloadingComplete (27ms)
	LoadAllAssembliesAndSetupDomain (369ms)
		LoadAssemblies (249ms)
		RebuildTransferFunctionScriptingTraits (0ms)
		AnalyzeDomain (191ms)
			TypeCache.Refresh (147ms)
				TypeCache.ScanAssembly (135ms)
			BuildScriptInfoCaches (37ms)
			ResolveRequiredComponents (4ms)
	FinalizeReload (463ms)
		ReleaseScriptCaches (0ms)
		RebuildScriptCaches (0ms)
		SetupLoadedEditorAssemblies (389ms)
			LogAssemblyErrors (0ms)
			InitializePlatformSupportModulesInManaged (2ms)
			SetLoadedEditorAssemblies (4ms)
			BeforeProcessingInitializeOnLoad (73ms)
			ProcessInitializeOnLoadAttributes (277ms)
			ProcessInitializeOnLoadMethodAttributes (29ms)
			AfterProcessingInitializeOnLoad (3ms)
			EditorAssembliesLoaded (0ms)
		ExecutionOrderSort2 (0ms)
		AwakeInstancesAfterBackupRestoration (4ms)
Launched and connected shader compiler UnityShaderCompiler.exe after 0.01 seconds
Refreshing native plugins compatible for Editor in 1.44 ms, found 4 plugins.
Preloading 0 native plugins for Editor in 0.00 ms.
Unloading 30 Unused Serialized files (Serialized files now loaded: 0)
Unloading 5150 unused Assets / (1.7 MB). Loaded Objects now: 5661.
Memory consumption went from 102.5 MB to 100.8 MB.
Total: 6.973200 ms (FindLiveObjects: 0.386300 ms CreateObjectMapping: 0.319700 ms MarkObjects: 4.739800 ms  DeleteObjects: 1.526000 ms)

========================================================================
Received Import Request.
  Time since last request: 78850.096288 seconds.
  path: Assets/CircuitPuzzle/Dependencies
  artifactKey: Guid(edca73aa38ac9d542871c3fa98126d73) Importer(815301076,1909f56bfc062723c751e8b465ee728b)
Start importing Assets/CircuitPuzzle/Dependencies using Guid(edca73aa38ac9d542871c3fa98126d73) Importer(815301076,1909f56bfc062723c751e8b465ee728b) (PreviewImporter) -> (artifact id: '1d4e882596e57e7642d8f98ccbd5dc69') in 0.0066271 seconds
Number of updated asset objects reloaded before import = 0Number of asset objects unloaded after import = 0

========================================================================
Received Import Request.
  Time since last request: 0.000013 seconds.
  path: Assets/CircuitPuzzle
  artifactKey: Guid(b482bafd63728704daf780b44be840ec) Importer(815301076,1909f56bfc062723c751e8b465ee728b)
Start importing Assets/CircuitPuzzle using Guid(b482bafd63728704daf780b44be840ec) Importer(815301076,1909f56bfc062723c751e8b465ee728b) (PreviewImporter) -> (artifact id: 'cc42ac62514d64a37fbc2eff4f4efa5d') in 0.0003913 seconds
Number of updated asset objects reloaded before import = 0Number of asset objects unloaded after import = 0

========================================================================
Received Import Request.
  Time since last request: 2.157244 seconds.
  path: Assets/CircuitPuzzle/Test Scenes
  artifactKey: Guid(6ea315d0fd7389c41b19996891e99ae3) Importer(815301076,1909f56bfc062723c751e8b465ee728b)
Start importing Assets/CircuitPuzzle/Test Scenes using Guid(6ea315d0fd7389c41b19996891e99ae3) Importer(815301076,1909f56bfc062723c751e8b465ee728b) (PreviewImporter) -> (artifact id: '51ea8e8964bcda76f6214e3075217c5c') in 0.0003824 seconds
Number of updated asset objects reloaded before import = 0Number of asset objects unloaded after import = 0

========================================================================
Received Import Request.
  Time since last request: 1.141455 seconds.
  path: Assets/CircuitPuzzle/Test Scenes/Advanced Example Scene.unity
  artifactKey: Guid(e23245f155c1eec4a8041c2a2a11ff05) Importer(815301076,1909f56bfc062723c751e8b465ee728b)
Start importing Assets/CircuitPuzzle/Test Scenes/Advanced Example Scene.unity using Guid(e23245f155c1eec4a8041c2a2a11ff05) Importer(815301076,1909f56bfc062723c751e8b465ee728b) (PreviewImporter) -> (artifact id: 'ccbdcb7621723e1886dce337afab7c5f') in 0.0003843 seconds
Number of updated asset objects reloaded before import = 0Number of asset objects unloaded after import = 0

========================================================================
Received Prepare
Begin MonoManager ReloadAssembly
- Loaded All Assemblies, in  0.489 seconds
Refreshing native plugins compatible for Editor in 0.84 ms, found 4 plugins.
Native extension for UWP target not found
Native extension for WindowsStandalone target not found
Mono: successfully reloaded assembly
- Finished resetting the current domain, in  0.448 seconds
Domain Reload Profiling: 937ms
	BeginReloadAssembly (143ms)
		ExecutionOrderSort (0ms)
		DisableScriptedObjects (9ms)
		BackupInstance (0ms)
		ReleaseScriptingObjects (0ms)
		CreateAndSetChildDomain (34ms)
	RebuildCommonClasses (24ms)
	RebuildNativeTypeToScriptingClass (8ms)
	initialDomainReloadingComplete (19ms)
	LoadAllAssembliesAndSetupDomain (295ms)
		LoadAssemblies (226ms)
		RebuildTransferFunctionScriptingTraits (0ms)
		AnalyzeDomain (137ms)
			TypeCache.Refresh (6ms)
				TypeCache.ScanAssembly (0ms)
			BuildScriptInfoCaches (124ms)
			ResolveRequiredComponents (5ms)
	FinalizeReload (449ms)
		ReleaseScriptCaches (0ms)
		RebuildScriptCaches (0ms)
		SetupLoadedEditorAssemblies (364ms)
			LogAssemblyErrors (0ms)
			InitializePlatformSupportModulesInManaged (2ms)
			SetLoadedEditorAssemblies (4ms)
			BeforeProcessingInitializeOnLoad (67ms)
			ProcessInitializeOnLoadAttributes (261ms)
			ProcessInitializeOnLoadMethodAttributes (28ms)
			AfterProcessingInitializeOnLoad (3ms)
			EditorAssembliesLoaded (0ms)
		ExecutionOrderSort2 (0ms)
		AwakeInstancesAfterBackupRestoration (5ms)
Refreshing native plugins compatible for Editor in 1.04 ms, found 4 plugins.
Preloading 0 native plugins for Editor in 0.00 ms.
Unloading 1 Unused Serialized files (Serialized files now loaded: 0)
Unloading 5148 unused Assets / (2.2 MB). Loaded Objects now: 5666.
Memory consumption went from 97.1 MB to 94.9 MB.
Total: 7.936600 ms (FindLiveObjects: 0.645000 ms CreateObjectMapping: 0.408700 ms MarkObjects: 5.117600 ms  DeleteObjects: 1.763800 ms)

Prepare: number of updated asset objects reloaded= 0
========================================================================
Received Import Request.
  Time since last request: 421.968204 seconds.
  path: Assets/CircuitPuzzle/Test Scenes/Simple Example Scene.unity
  artifactKey: Guid(e1ae630b1d210ab4d9a65be9e28568e8) Importer(815301076,1909f56bfc062723c751e8b465ee728b)
Start importing Assets/CircuitPuzzle/Test Scenes/Simple Example Scene.unity using Guid(e1ae630b1d210ab4d9a65be9e28568e8) Importer(815301076,1909f56bfc062723c751e8b465ee728b) (PreviewImporter) -> (artifact id: 'd7c0838930721570cf8aeec130030461') in 0.0030224 seconds
Number of updated asset objects reloaded before import = 0Number of asset objects unloaded after import = 0

========================================================================
Received Import Request.
  Time since last request: 22.558437 seconds.
  path: Assets/CircuitPuzzle/Dependencies/Materials
  artifactKey: Guid(141af571741ec8743a74b49de1688233) Importer(815301076,1909f56bfc062723c751e8b465ee728b)
Start importing Assets/CircuitPuzzle/Dependencies/Materials using Guid(141af571741ec8743a74b49de1688233) Importer(815301076,1909f56bfc062723c751e8b465ee728b) (PreviewImporter) -> (artifact id: '1e1a98928779730b2aeae6ccbb8924a8') in 0.0004125 seconds
Number of updated asset objects reloaded before import = 0Number of asset objects unloaded after import = 0

========================================================================
Received Import Request.
  Time since last request: 0.748090 seconds.
  path: Assets/CircuitPuzzle/Dependencies/Materials/Level
  artifactKey: Guid(8ec2d5ff029d7df46b9beab3fbe21e05) Importer(815301076,1909f56bfc062723c751e8b465ee728b)
Start importing Assets/CircuitPuzzle/Dependencies/Materials/Level using Guid(8ec2d5ff029d7df46b9beab3fbe21e05) Importer(815301076,1909f56bfc062723c751e8b465ee728b) (PreviewImporter) -> (artifact id: 'b4a5aa6d8597190ebfc4b25955384d1b') in 0.000402 seconds
Number of updated asset objects reloaded before import = 0Number of asset objects unloaded after import = 0

========================================================================
Received Import Request.
  Time since last request: 3.895430 seconds.
  path: Assets/CircuitPuzzle/Dependencies/Materials/Pieces
  artifactKey: Guid(e65df5eb735836c4499a771efe1ebfa0) Importer(815301076,1909f56bfc062723c751e8b465ee728b)
Start importing Assets/CircuitPuzzle/Dependencies/Materials/Pieces using Guid(e65df5eb735836c4499a771efe1ebfa0) Importer(815301076,1909f56bfc062723c751e8b465ee728b) (PreviewImporter) -> (artifact id: '4b504d496da5fa9e4c53d7eef1e6c248') in 0.0004011 seconds
Number of updated asset objects reloaded before import = 0Number of asset objects unloaded after import = 0

========================================================================
Received Import Request.
  Time since last request: 2.326905 seconds.
  path: Assets/CircuitPuzzle/Dependencies/Materials/Pieces/Custom Testing
  artifactKey: Guid(dbde04c3a45f26349b27663842b48947) Importer(815301076,1909f56bfc062723c751e8b465ee728b)
Start importing Assets/CircuitPuzzle/Dependencies/Materials/Pieces/Custom Testing using Guid(dbde04c3a45f26349b27663842b48947) Importer(815301076,1909f56bfc062723c751e8b465ee728b) (PreviewImporter) -> (artifact id: '9cf374e42991c00010f078d40d5d80f9') in 0.0004589 seconds
Number of updated asset objects reloaded before import = 0Number of asset objects unloaded after import = 0

========================================================================
Received Import Request.
  Time since last request: 0.448415 seconds.
  path: Assets/CircuitPuzzle/Dependencies/Materials/Pieces/Base
  artifactKey: Guid(ad94e74498ad154408e2bbf1dd355751) Importer(815301076,1909f56bfc062723c751e8b465ee728b)
Start importing Assets/CircuitPuzzle/Dependencies/Materials/Pieces/Base using Guid(ad94e74498ad154408e2bbf1dd355751) Importer(815301076,1909f56bfc062723c751e8b465ee728b) (PreviewImporter) -> (artifact id: '16c2a265e975fd8dcb0ba3133467997e') in 0.0003776 seconds
Number of updated asset objects reloaded before import = 0Number of asset objects unloaded after import = 0

========================================================================
Received Import Request.
  Time since last request: 5.955315 seconds.
  path: Assets/CircuitPuzzle/Dependencies/Materials/Power Status
  artifactKey: Guid(e77e7783417551d4ba1e735482ed3e58) Importer(815301076,1909f56bfc062723c751e8b465ee728b)
Start importing Assets/CircuitPuzzle/Dependencies/Materials/Power Status using Guid(e77e7783417551d4ba1e735482ed3e58) Importer(815301076,1909f56bfc062723c751e8b465ee728b) (PreviewImporter) -> (artifact id: '9ae7deaacadd60e2ab580fbec8ce4c05') in 0.0004146 seconds
Number of updated asset objects reloaded before import = 0Number of asset objects unloaded after import = 0

========================================================================
Received Import Request.
  Time since last request: 17.862429 seconds.
  path: Assets/CircuitPuzzle/Dependencies/Textures
  artifactKey: Guid(f58d899abe3d98d41b9bb4eafaea19fe) Importer(815301076,1909f56bfc062723c751e8b465ee728b)
Start importing Assets/CircuitPuzzle/Dependencies/Textures using Guid(f58d899abe3d98d41b9bb4eafaea19fe) Importer(815301076,1909f56bfc062723c751e8b465ee728b) (PreviewImporter) -> (artifact id: '4717f950626f6ef868d79cf4630cfc39') in 0.0003715 seconds
Number of updated asset objects reloaded before import = 0Number of asset objects unloaded after import = 0

========================================================================
Received Import Request.
  Time since last request: 1.495007 seconds.
  path: Assets/CircuitPuzzle/Dependencies/Textures/Inspector Assets
  artifactKey: Guid(f356304453bc32f49a57674da43f2295) Importer(815301076,1909f56bfc062723c751e8b465ee728b)
Start importing Assets/CircuitPuzzle/Dependencies/Textures/Inspector Assets using Guid(f356304453bc32f49a57674da43f2295) Importer(815301076,1909f56bfc062723c751e8b465ee728b) (PreviewImporter) -> (artifact id: '1385f8a1c2142e4e3e11212baa016836') in 0.0004209 seconds
Number of updated asset objects reloaded before import = 0Number of asset objects unloaded after import = 0

========================================================================
Received Import Request.
  Time since last request: 9.404002 seconds.
  path: Assets/CircuitPuzzle/Dependencies/Mini First Person Controller
  artifactKey: Guid(54252ed7c72f01744b2bf68cff1db69e) Importer(815301076,1909f56bfc062723c751e8b465ee728b)
Start importing Assets/CircuitPuzzle/Dependencies/Mini First Person Controller using Guid(54252ed7c72f01744b2bf68cff1db69e) Importer(815301076,1909f56bfc062723c751e8b465ee728b) (PreviewImporter) -> (artifact id: 'd80535ececb0517f43db901f4b02e959') in 0.0003894 seconds
Number of updated asset objects reloaded before import = 0Number of asset objects unloaded after import = 0

========================================================================
Received Import Request.
  Time since last request: 0.403573 seconds.
  path: Assets/CircuitPuzzle/Dependencies/Models
  artifactKey: Guid(f1a48304df325a041839d4bb6bb91e1f) Importer(815301076,1909f56bfc062723c751e8b465ee728b)
Start importing Assets/CircuitPuzzle/Dependencies/Models using Guid(f1a48304df325a041839d4bb6bb91e1f) Importer(815301076,1909f56bfc062723c751e8b465ee728b) (PreviewImporter) -> (artifact id: 'd3edee745514903a59c07142480f7c30') in 0.0004035 seconds
Number of updated asset objects reloaded before import = 0Number of asset objects unloaded after import = 0

========================================================================
Received Import Request.
  Time since last request: 472.970804 seconds.
  path: Assets/CircuitPuzzle/Test Scenes/Advanced Example Scene.unity
  artifactKey: Guid(e23245f155c1eec4a8041c2a2a11ff05) Importer(815301076,1909f56bfc062723c751e8b465ee728b)
Start importing Assets/CircuitPuzzle/Test Scenes/Advanced Example Scene.unity using Guid(e23245f155c1eec4a8041c2a2a11ff05) Importer(815301076,1909f56bfc062723c751e8b465ee728b) (PreviewImporter) -> (artifact id: '39cba11e1f4226a30162e81a3837a21a') in 0.0007856 seconds
Number of updated asset objects reloaded before import = 0Number of asset objects unloaded after import = 0

========================================================================
Received Prepare
Begin MonoManager ReloadAssembly
- Loaded All Assemblies, in  0.503 seconds
Refreshing native plugins compatible for Editor in 0.88 ms, found 4 plugins.
Native extension for UWP target not found
Native extension for WindowsStandalone target not found
Mono: successfully reloaded assembly
- Finished resetting the current domain, in  0.468 seconds
Domain Reload Profiling: 971ms
	BeginReloadAssembly (150ms)
		ExecutionOrderSort (0ms)
		DisableScriptedObjects (10ms)
		BackupInstance (0ms)
		ReleaseScriptingObjects (0ms)
		CreateAndSetChildDomain (38ms)
	RebuildCommonClasses (24ms)
	RebuildNativeTypeToScriptingClass (9ms)
	initialDomainReloadingComplete (20ms)
	LoadAllAssembliesAndSetupDomain (300ms)
		LoadAssemblies (238ms)
		RebuildTransferFunctionScriptingTraits (0ms)
		AnalyzeDomain (132ms)
			TypeCache.Refresh (6ms)
				TypeCache.ScanAssembly (0ms)
			BuildScriptInfoCaches (120ms)
			ResolveRequiredComponents (4ms)
	FinalizeReload (469ms)
		ReleaseScriptCaches (0ms)
		RebuildScriptCaches (0ms)
		SetupLoadedEditorAssemblies (382ms)
			LogAssemblyErrors (0ms)
			InitializePlatformSupportModulesInManaged (2ms)
			SetLoadedEditorAssemblies (4ms)
			BeforeProcessingInitializeOnLoad (73ms)
			ProcessInitializeOnLoadAttributes (271ms)
			ProcessInitializeOnLoadMethodAttributes (28ms)
			AfterProcessingInitializeOnLoad (3ms)
			EditorAssembliesLoaded (0ms)
		ExecutionOrderSort2 (0ms)
		AwakeInstancesAfterBackupRestoration (5ms)
Refreshing native plugins compatible for Editor in 1.28 ms, found 4 plugins.
Preloading 0 native plugins for Editor in 0.00 ms.
Unloading 1 Unused Serialized files (Serialized files now loaded: 0)
Unloading 5148 unused Assets / (1.7 MB). Loaded Objects now: 5668.
Memory consumption went from 97.1 MB to 95.4 MB.
Total: 8.374900 ms (FindLiveObjects: 0.551000 ms CreateObjectMapping: 0.392900 ms MarkObjects: 5.751100 ms  DeleteObjects: 1.678300 ms)

Prepare: number of updated asset objects reloaded= 0
